Review and Confirm

  Agents  cursor
  Persona  gentle — Teaching-first mentor tone; reply language chosen on the next screen
  Region  Argentino (rioplatense, voseo)
  Artifacts  [x] English-only
  Preset  choose components and skills manually

Components
  engram selected

▸ Install
  Back

enter: install • esc: back